// Jest Snapshot v1, https://goo.gl/fbAQLP

exports[`Create new thread testing renders a new thread created by a user 1`] = `
<ContextConsumer>
  <Component />
</ContextConsumer>
`;
