// Jest Snapshot v1, https://goo.gl/fbAQLP

exports[`ThreadCategory component renders the ThreadCategory 1`] = `
<ContextConsumer>
  <Component />
</ContextConsumer>
`;
