// Jest Snapshot v1, https://goo.gl/fbAQLP

exports[`SearchBar component renders the SearchBar 1`] = `
<ContextConsumer>
  <Component />
</ContextConsumer>
`;
