// Jest Snapshot v1, https://goo.gl/fbAQLP

exports[`ThreadsList component renders the ThreadsList 1`] = `
<ContextConsumer>
  <Component />
</ContextConsumer>
`;
