// Jest Snapshot v1, https://goo.gl/fbAQLP

exports[`Playbutton component renders the playbutton 1`] = `
<button
  className="fixed-play-button"
  onClick={[Function]}
  type="button"
>
  <FontAwesomeIcon
    border={false}
    className="play"
    fixedWidth={false}
    flip={null}
    icon={
      Object {
        "icon": Array [
          448,
          512,
          Array [],
          "f04c",
          "M144 479H48c-26.5 0-48-21.5-48-48V79c0-26.5 21.5-48 48-48h96c26.5 0 48 21.5 48 48v352c0 26.5-21.5 48-48 48zm304-48V79c0-26.5-21.5-48-48-48h-96c-26.5 0-48 21.5-48 48v352c0 26.5 21.5 48 48 48h96c26.5 0 48-21.5 48-48z",
        ],
        "iconName": "pause",
        "prefix": "fas",
        "type": "icon",
      }
    }
    inverse={false}
    listItem={false}
    mask={null}
    pull={null}
    pulse={false}
    rotation={null}
    size={null}
    spin={false}
    swapOpacity={false}
    symbol={false}
    title=""
    transform={null}
  />
</button>
`;
