// Jest Snapshot v1, https://goo.gl/fbAQLP

exports[`ThreadCommentItem component renders the ThreadCommentItem 1`] = `
<li
  className="thread-comment-item"
>
  <p>
    : 
  </p>
  <p
    className="comment-time-stamp"
  />
</li>
`;
