// Jest Snapshot v1, https://goo.gl/fbAQLP

exports[`Fixed bar testing renders the play button within the fixed bar 1`] = `
<div
  className="fixed-bar"
>
  <div
    className="fixed-bar-header"
  >
    <h2>
      <Link
        to="/undefined/undefined"
      />
    </h2>
    <PlayButton />
    <h3
      id="media-timer"
    >
      00:NaN:NaN
    </h3>
  </div>
  <AddCommentBox />
   }
</div>
`;
