// Jest Snapshot v1, https://goo.gl/fbAQLP

exports[`ThreadDetails component renders the ThreadDetails 1`] = `
<Fragment>
  Loading
</Fragment>
`;
