// Jest Snapshot v1, https://goo.gl/fbAQLP

exports[`Form validation error testing renders the error message 1`] = `<Fragment />`;
